#-----------------------------------------------------------
# Vivado v2020.1 (64-bit)
# SW Build 2902540 on Wed May 27 19:54:49 MDT 2020
# IP Build 2902112 on Wed May 27 22:43:36 MDT 2020
# Start of session at: Fri Oct 25 12:35:37 2024
# Process ID: 7132
# Current directory: C:/Users/Sufyan/Desktop/64-bit-pipelined-riscv-processor
# Command line: vivado.exe -gui_launcher_event rodinguilauncherevent18316 C:\Users\Sufyan\Desktop\64-bit-pipelined-riscv-processor\32bit-riscv-processor.xpr
# Log file: C:/Users/Sufyan/Desktop/64-bit-pipelined-riscv-processor/vivado.log
# Journal file: C:/Users/Sufyan/Desktop/64-bit-pipelined-riscv-processor\vivado.jou
#-----------------------------------------------------------
start_gui
open_project C:/Users/Sufyan/Desktop/64-bit-pipelined-riscv-processor/32bit-riscv-processor.xpr
update_compile_order -fileset sources_1
# Disabling source management mode.  This is to allow the top design properties to be set without GUI intervention.
set_property source_mgmt_mode None [current_project]
set_property top instruction_memory [current_fileset]
# Re-enabling previously disabled source management mode.
set_property source_mgmt_mode All [current_project]
update_compile_order -fileset sources_1
launch_simulation
source tb_instruction_memory.tcl
close_sim
